[scopemux] Loading hardcoded node type mappings:
  functions -> NODE_FUNCTION
  classes -> NODE_CLASS
  methods -> NODE_METHOD
  variables -> NODE_VARIABLE
  modules -> NODE_MODULE
  structs -> NODE_STRUCT
  unions -> NODE_UNION
  enums -> NODE_ENUM
  typedefs -> NODE_TYPEDEF
  includes -> NODE_INCLUDE
  macros -> NODE_MACRO
  docstrings -> NODE_DOCSTRING
  interfaces -> NODE_INTERFACE
  template_specializations -> NODE_TEMPLATE_SPECIALIZATION
[QUERY_MANAGER_FREE] ENTER: manager=0x606000013a60
[QUERY_MANAGER_FREE] Freeing queries_dir at 0x6020000013d0
[QUERY_MANAGER_FREE] Freeing cached queries array at 0x604000001ed0 (language_count=6)
[QUERY_MANAGER_FREE] Freeing cached queries for language 0 at 0x611000000680 (query_count=0)
[QUERY_MANAGER_FREE] Freeing QueryCacheEntry array at 0x611000000680
[QUERY_MANAGER_FREE] Freeing cached queries for language 1 at 0x6110000007c0 (query_count=0)
[QUERY_MANAGER_FREE] Freeing QueryCacheEntry array at 0x6110000007c0
[QUERY_MANAGER_FREE] Freeing cached queries for language 2 at 0x611000000900 (query_count=0)
[QUERY_MANAGER_FREE] Freeing QueryCacheEntry array at 0x611000000900
[QUERY_MANAGER_FREE] Freeing cached queries for language 3 at 0x611000000a40 (query_count=0)
[QUERY_MANAGER_FREE] Freeing QueryCacheEntry array at 0x611000000a40
[QUERY_MANAGER_FREE] Freeing cached queries for language 4 at 0x611000000b80 (query_count=0)
[QUERY_MANAGER_FREE] Freeing QueryCacheEntry array at 0x611000000b80
[QUERY_MANAGER_FREE] Freeing cached queries for language 5 at 0x611000000cc0 (query_count=0)
[QUERY_MANAGER_FREE] Freeing QueryCacheEntry array at 0x611000000cc0
[QUERY_MANAGER_FREE] Freeing cached_queries array at 0x604000001ed0
[QUERY_MANAGER_FREE] Freeing languages array at 0x604000001e90
[QUERY_MANAGER_FREE] Freeing language_types array at 0x603000012220
[QUERY_MANAGER_FREE] Freeing query_counts array at 0x604000001f10
[QUERY_MANAGER_FREE] Freeing manager struct at 0x606000013a60
[QUERY_MANAGER_FREE] EXIT: Query manager cleanup complete
[scopemux] Loading hardcoded node type mappings:
  functions -> NODE_FUNCTION
  classes -> NODE_CLASS
  methods -> NODE_METHOD
  variables -> NODE_VARIABLE
  modules -> NODE_MODULE
  structs -> NODE_STRUCT
  unions -> NODE_UNION
  enums -> NODE_ENUM
  typedefs -> NODE_TYPEDEF
  includes -> NODE_INCLUDE
  macros -> NODE_MACRO
  docstrings -> NODE_DOCSTRING
  interfaces -> NODE_INTERFACE
  template_specializations -> NODE_TEMPLATE_SPECIALIZATION
{
  "type":   "ROOT",
  "name":   "docstring_test.c",
  "qualified_name":   "docstring_test.c",
  "signature":   "",
  "docstring":   "/**\n * @file docstring_test.c\n * @brief This is the file-level docstring and should be assigned to the root node.\n *\n * This file is for testing docstring extraction logic.\n */",
  "children":   [
    {
      "type":       "FUNCTION",
      "name":       "foo",
      "qualified_name":       "docstring_test.c.foo",
      "signature":       "int foo(void)",
      "docstring":       "/**\n * @brief This is a function-level docstring for foo\n */",
      "children":       [
      ]
    },
    {
      "type":       "FUNCTION",
      "name":       "bar",
      "qualified_name":       "docstring_test.c.bar",
      "signature":       "int bar(int x)",
      "docstring":       "/**\n * @brief This is a function-level docstring for bar\n */",
      "children":       [
        {
          "type":           "VARIABLE",
          "name":           "x",
          "qualified_name":           "docstring_test.c.bar.x",
          "signature":           "int x",
          "docstring":           "",
          "children":           [
          ]
        }
      ]
    }
  ]
}[QUERY_MANAGER_FREE] ENTER: manager=0x606000013b80
[QUERY_MANAGER_FREE] Freeing queries_dir at 0x6020000017d0
[QUERY_MANAGER_FREE] Freeing cached queries array at 0x6040000020d0 (language_count=6)
[QUERY_MANAGER_FREE] Freeing cached queries for language 0 at 0x611000001080 (query_count=0)
[QUERY_MANAGER_FREE] Freeing QueryCacheEntry array at 0x611000001080
[QUERY_MANAGER_FREE] Freeing cached queries for language 1 at 0x6110000011c0 (query_count=7)
[QUERY_MANAGER_FREE] Freeing QueryCacheEntry array at 0x6110000011c0
[QUERY_MANAGER_FREE] Freeing cached queries for language 2 at 0x611000001300 (query_count=0)
[QUERY_MANAGER_FREE] Freeing QueryCacheEntry array at 0x611000001300
[QUERY_MANAGER_FREE] Freeing cached queries for language 3 at 0x611000001440 (query_count=0)
[QUERY_MANAGER_FREE] Freeing QueryCacheEntry array at 0x611000001440
[QUERY_MANAGER_FREE] Freeing cached queries for language 4 at 0x611000001580 (query_count=0)
[QUERY_MANAGER_FREE] Freeing QueryCacheEntry array at 0x611000001580
[QUERY_MANAGER_FREE] Freeing cached queries for language 5 at 0x6110000016c0 (query_count=0)
[QUERY_MANAGER_FREE] Freeing QueryCacheEntry array at 0x6110000016c0
[QUERY_MANAGER_FREE] Freeing cached_queries array at 0x6040000020d0
[QUERY_MANAGER_FREE] Freeing languages array at 0x604000002090
[QUERY_MANAGER_FREE] Freeing language_types array at 0x603000012550
[QUERY_MANAGER_FREE] Freeing query_counts array at 0x604000002110
[QUERY_MANAGER_FREE] Freeing manager struct at 0x606000013b80
[QUERY_MANAGER_FREE] EXIT: Query manager cleanup complete
